Diese ist eine Demo Datei für die translate_Aufgabe @missing_token@.
